---
source: src/half_edge/tests.rs
expression: graph.base_dot()
---
digraph {
  node	 [shape=circle,height=0.1,label=""];
  overlap = "scale";
  layout = "neato";
  start=2;
  0:0:s	-> 1:1:s	 [id=0 dir=none  color="red:blue;0.5"];
  1:2:s	-> 2:3:s	 [id=1 dir=none  color="red:blue;0.5"];
  2:4:s	-> 3:5:s	 [id=2 dir=none  color="red:blue;0.5"];
  3:6:s	-> 0:7:s	 [id=3 dir=none  color="red:blue;0.5"];
  4:8:s	-> 5:9:s	 [id=4 dir=none  color="red:blue;0.5"];
  5:10:s	-> 6:11:s	 [id=5 dir=none  color="red:blue;0.5"];
  6:12:s	-> 7:13:s	 [id=6 dir=none  color="red:blue;0.5"];
  7:14:s	-> 4:15:s	 [id=7 dir=none  color="red:blue;0.5"];
  0:16:s	-> 4:17:s	 [id=8 dir=none  color="red:blue;0.5"];
  1:18:s	-> 5:19:s	 [id=9 dir=none  color="red:blue;0.5"];
  2:20:s	-> 6:21:s	 [id=10 dir=none  color="red:blue;0.5"];
  3:22:s	-> 7:23:s	 [id=11 dir=none  color="red:blue;0.5"];
}
