---
source: src/half_edge/tests.rs
assertion_line: 68
expression: graph
---
HedgeGraph(
  edge_store: SmartHedgeVec(
    data: [
      ((), Paired(
        source: Hedge(0),
        sink: Hedge(1),
      )),
      ((), Paired(
        source: Hedge(2),
        sink: Hedge(3),
      )),
      ((), Paired(
        source: Hedge(4),
        sink: Hedge(5),
      )),
      ((), Unpaired(
        hedge: Hedge(6),
        flow: Sink,
      )),
      ((), Unpaired(
        hedge: Hedge(7),
        flow: Sink,
      )),
      ((), Unpaired(
        hedge: Hedge(8),
        flow: Sink,
      )),
      ((), Paired(
        source: Hedge(9),
        sink: Hedge(10),
      )),
      ((), Paired(
        source: Hedge(11),
        sink: Hedge(12),
      )),
      ((), Paired(
        source: Hedge(13),
        sink: Hedge(14),
      )),
    ],
    involution: Involution(
      inv: [
        Source(
          data: EdgeData(
            orientation: Undirected,
            data: EdgeIndex(0),
          ),
          sink_idx: Hedge(1),
        ),
        Sink(
          source_idx: Hedge(0),
        ),
        Source(
          data: EdgeData(
            orientation: Undirected,
            data: EdgeIndex(1),
          ),
          sink_idx: Hedge(3),
        ),
        Sink(
          source_idx: Hedge(2),
        ),
        Source(
          data: EdgeData(
            orientation: Undirected,
            data: EdgeIndex(2),
          ),
          sink_idx: Hedge(5),
        ),
        Sink(
          source_idx: Hedge(4),
        ),
        Identity(
          data: EdgeData(
            orientation: Undirected,
            data: EdgeIndex(3),
          ),
          underlying: Sink,
        ),
        Identity(
          data: EdgeData(
            orientation: Undirected,
            data: EdgeIndex(4),
          ),
          underlying: Sink,
        ),
        Identity(
          data: EdgeData(
            orientation: Undirected,
            data: EdgeIndex(5),
          ),
          underlying: Sink,
        ),
        Source(
          data: EdgeData(
            orientation: Undirected,
            data: EdgeIndex(6),
          ),
          sink_idx: Hedge(10),
        ),
        Sink(
          source_idx: Hedge(9),
        ),
        Source(
          data: EdgeData(
            orientation: Undirected,
            data: EdgeIndex(7),
          ),
          sink_idx: Hedge(12),
        ),
        Sink(
          source_idx: Hedge(11),
        ),
        Source(
          data: EdgeData(
            orientation: Undirected,
            data: EdgeIndex(8),
          ),
          sink_idx: Hedge(14),
        ),
        Sink(
          source_idx: Hedge(13),
        ),
      ],
    ),
  ),
  node_store: NodeStorageVec(
    node_data: [
      (),
      (),
      (),
      (),
    ],
    hedge_data: [
      NodeIndex(0),
      NodeIndex(1),
      NodeIndex(1),
      NodeIndex(0),
      NodeIndex(0),
      NodeIndex(1),
      NodeIndex(0),
      NodeIndex(1),
      NodeIndex(1),
      NodeIndex(1),
      NodeIndex(2),
      NodeIndex(2),
      NodeIndex(3),
      NodeIndex(3),
      NodeIndex(0),
    ],
    nodes: [
      BitSeq(
        order: "bitvec::order::Lsb0",
        head: BitIdx(
          width: 64,
          index: 0,
        ),
        bits: 15,
        data: [
          16473,
        ],
      ),
      BitSeq(
        order: "bitvec::order::Lsb0",
        head: BitIdx(
          width: 64,
          index: 0,
        ),
        bits: 15,
        data: [
          934,
        ],
      ),
      BitSeq(
        order: "bitvec::order::Lsb0",
        head: BitIdx(
          width: 64,
          index: 0,
        ),
        bits: 15,
        data: [
          3072,
        ],
      ),
      BitSeq(
        order: "bitvec::order::Lsb0",
        head: BitIdx(
          width: 64,
          index: 0,
        ),
        bits: 15,
        data: [
          12288,
        ],
      ),
    ],
  ),
)
